// Jest Snapshot v1, https://goo.gl/fbAQLP

exports[`Basic button should match the snapshot 1`] = `
<input
  disabled={false}
  onClick={[MockFunction]}
  type="button"
  value="Submit"
/>
`;
