// Jest Snapshot v1, https://goo.gl/fbAQLP

exports[`Logo component matches the snapshot 1`] = `
<img
  alt="logo"
  className="logo"
  src="test-file-stub"
/>
`;
