// Jest Snapshot v1, https://goo.gl/fbAQLP

exports[`User reading statistics should match the snapshot 1`] = `
<div
  className="container"
>
  <div
    className="reading-stats"
  >
    <h1>
      My Activities
    </h1>
    <p>
      Select category to see activities per month
    </p>
    <StatsCard
      comments="4"
      likes="4000"
      reads="290"
      views="123"
    />
    <div
      className="reading-stats__graph"
    >
      <img
        alt="#"
        src="../img/graph.svg"
      />
    </div>
    <div
      className="reading-stats__stories"
    >
      <div
        className="story"
      >
        <div
          className="story__description"
        >
          <h1>
            Story
          </h1>
        </div>
        <div
          className="story__activities"
        >
          <div>
            <p>
              Viewed
            </p>
          </div>
          <div>
            <p>
              Read
            </p>
          </div>
          <div>
            <p>
              Reacted
            </p>
          </div>
        </div>
      </div>
      <div
        className="story"
        key="1"
      >
        <div
          className="story__description"
        >
          <h1>
            Challenges, the way through to learn
          </h1>
          <p>
            <span>
              1
              min read, view article
            </span>
          </p>
        </div>
        <div
          className="story__activities"
        >
          <div>
            <p>
              <span>
                Viewed
              </span>
               Yes
            </p>
          </div>
          <div>
            <p>
              <span>
                Read
              </span>
               Yes
            </p>
          </div>
          <div>
            <p>
              <span>
                Reacted
              </span>
               Yes
            </p>
          </div>
        </div>
      </div>
      <div
        className="story"
        key="2"
      >
        <div
          className="story__description"
        >
          <h1>
            Challenges, the way through to learn
          </h1>
          <p>
            <span>
              2
              min read, view article
            </span>
          </p>
        </div>
        <div
          className="story__activities"
        >
          <div>
            <p>
              <span>
                Viewed
              </span>
               Yes
            </p>
          </div>
          <div>
            <p>
              <span>
                Read
              </span>
               Yes
            </p>
          </div>
          <div>
            <p>
              <span>
                Reacted
              </span>
               Yes
            </p>
          </div>
        </div>
      </div>
      <div
        className="story"
        key="3"
      >
        <div
          className="story__description"
        >
          <h1>
            Challenges, the way through to learn
          </h1>
          <p>
            <span>
              3
              min read, view article
            </span>
          </p>
        </div>
        <div
          className="story__activities"
        >
          <div>
            <p>
              <span>
                Viewed
              </span>
               Yes
            </p>
          </div>
          <div>
            <p>
              <span>
                Read
              </span>
               Yes
            </p>
          </div>
          <div>
            <p>
              <span>
                Reacted
              </span>
               Yes
            </p>
          </div>
        </div>
      </div>
      <div
        className="story"
        key="4"
      >
        <div
          className="story__description"
        >
          <h1>
            Challenges, the way through to learn
          </h1>
          <p>
            <span>
              4
              min read, view article
            </span>
          </p>
        </div>
        <div
          className="story__activities"
        >
          <div>
            <p>
              <span>
                Viewed
              </span>
               Yes
            </p>
          </div>
          <div>
            <p>
              <span>
                Read
              </span>
               Yes
            </p>
          </div>
          <div>
            <p>
              <span>
                Reacted
              </span>
               Yes
            </p>
          </div>
        </div>
      </div>
      <div
        className="story"
        key="5"
      >
        <div
          className="story__description"
        >
          <h1>
            Challenges, the way through to learn
          </h1>
          <p>
            <span>
              5
              min read, view article
            </span>
          </p>
        </div>
        <div
          className="story__activities"
        >
          <div>
            <p>
              <span>
                Viewed
              </span>
               Yes
            </p>
          </div>
          <div>
            <p>
              <span>
                Read
              </span>
               Yes
            </p>
          </div>
          <div>
            <p>
              <span>
                Reacted
              </span>
               Yes
            </p>
          </div>
        </div>
      </div>
      <hr />
    </div>
  </div>
</div>
`;
