// Jest Snapshot v1, https://goo.gl/fbAQLP

exports[`Reset Password component snapshot returns the snapshot 1`] = `
<div
  className="reset-password__container"
>
  <div
    className="reset-password"
  >
    <div
      className="reset-password__header"
    >
      <img
        alt="logo"
        className="logo"
        src="test-file-stub"
      />
      <h1>
        Author 's Heaven
      </h1>
      <div>
        <h2>
          Reset password
        </h2>
        <p>
          To reset your password, please provide your Authorâ€™s Heaven email.
        </p>
        <form
          action="#"
          className="reset-password__form"
        >
          <TextInput
            id=""
            name="email"
            onChange={[Function]}
            placeholder="Email"
            type="email"
            value="me@example.com"
          />
          <div
            className="auth-errors"
          >
            <p
              className="danger"
            />
          </div>
          <FormButton
            disabled={false}
            onClick={[Function]}
            value="Sign In"
          />
        </form>
      </div>
    </div>
    <div
      className="reset-password__footer"
    >
      <p>
        Don 't have an account?
        <a
          href="/"
        >
          sign up now!
        </a>
      </p>
    </div>
  </div>
</div>
`;
