// Jest Snapshot v1, https://goo.gl/fbAQLP

exports[`Social auth component should match the snapshot 1`] = `
<div>
  <h3>
    Loading.......
  </h3>
</div>
`;
