// Jest Snapshot v1, https://goo.gl/fbAQLP

exports[`Update Password test snaptshot should match the snapshot 1`] = `undefined`;
