// Jest Snapshot v1, https://goo.gl/fbAQLP

exports[`Login component should match the snapshot 1`] = `
<input
  id=""
  name="email"
  onChange={[MockFunction]}
  placeholder="Email"
  type="text"
  value=""
/>
`;
